
*******************************************************************************************************************************

                                                  The SURVEYSELECT Procedure

                                          Selection Method    Simple Random Sampling
                                          Strata Variable                        sex

                                               Input Data Set              BACK
                                               Random Number Seed           814
                                               Number of Strata               2
                                               Total Sample Size             65
                                               Output Data Set       BACKSAMPLE

*******************************************************************************************************************************

                                                         ICDB 10% SRS

                                         Obs     subj     sex      v_date      b_date

                                           1    110136     1     04/22/96    07/28/28
                                           2    210071     1     06/07/95    05/07/66
                                           3    310097     1     12/18/95    10/13/23
                                           4    420048     1     07/08/94    10/27/34
                                           5    510015     1     08/27/93    07/06/52
                                           6    520057     1     01/20/95    07/02/39
                                           7    110049     2     01/25/94    10/05/23
                                           8    110060     2     06/14/94    05/29/36
                                           9    110081     2     07/15/94    08/29/57
                                          10    110085     2     10/11/94    10/24/47
                                          11    110094     2     06/02/95    08/11/70
                                          12    110120     2     01/09/96    02/13/26
                                          13    110123     2     01/23/96    11/01/33
                                          14    110128     2     02/27/96    12/12/45
                                          15    110143     2     06/06/96    11/14/54
                                          16    110146     2     06/18/96    08/17/50
                                          17    110153     2     07/19/96    09/19/47
                                          18    110159     2     09/10/96    08/23/59
                                          19    110161     2     10/01/96    09/11/51
                                          20    210017     2     09/17/93    04/03/38
                                          21    210036     2     01/14/94    09/13/49
                                          22    210052     2     08/19/94    06/29/60
                                          23    210053     2     09/26/94    10/03/56
                                          24    210054     2     09/28/94    03/05/74
                                          25    210058     2     11/01/94    06/27/26
                                          26    210060     2     01/16/95    01/07/28
                                          27    210068     2     05/16/95    06/09/52
                                          28    210075     2     06/21/95    04/29/45
                                          29    220018     2     08/31/93    09/01/49
                                          30    220024     2     11/29/93    05/06/41
                                          31    220032     2     08/09/94    10/11/42
                                          32    220039     2     09/19/95    02/11/58
                                          33    220048     2     06/18/96    01/24/60
                                          34    230008     2     10/03/96    08/09/60
                                          35    310056     2     04/01/94    11/16/61
                                          36    310069     2     09/23/94    07/14/42
                                          37    310082     2     01/17/95    09/15/45
                                          38    310090     2     01/31/96    03/28/52
                                          39    310109     2     05/08/96    04/15/61
                                          40    410004     2     07/30/93    07/31/45
                                          41    410041     2     06/28/94    03/09/47
                                          42    410049     2     09/20/94    05/08/52
                                          43    410056     2     01/20/95    11/16/63
                                          44    410078     2     10/23/96    05/03/49
                                          45    410079     2     08/21/95    05/01/72
                                          46    410083     2     09/11/95    02/05/54
                                          47    410096     2     04/11/96    04/20/64
                                          48    420074     2     09/07/95    05/07/18
                                          49    420080     2     07/01/96    08/29/51
                                          50    420088     2     06/04/96    04/02/43
                                          51    420107     2     11/27/96    05/27/68
                                          52    510037     2     04/05/94    08/17/50
                                          53    510038     2     03/22/94    09/29/65
                                          54    510042     2     05/27/94    07/08/40
                                          55    510044     2     07/06/94    06/12/48
                                          56    510050     2     12/02/94    02/19/36
                                          57    510062     2     11/14/95    09/04/35
                                          58    510077     2     09/12/96    09/01/65
                                          59    520006     2     07/16/93    12/17/43
                                          60    520017     2     11/17/93    09/24/54

*******************************************************************************************************************************

                                                         ICDB 10% SRS

                                         Obs     subj     sex      v_date      b_date

                                          61    520030     2     03/18/94    01/26/30
                                          62    520034     2     04/15/94    04/14/70
                                          63    520044     2     07/06/94    01/05/70
                                          64    520052     2     10/19/94    02/18/22
                                          65    520071     2     02/21/96    06/27/38

*******************************************************************************************************************************

                                     Random Assignment of Students to SAS Teaching Methods

                                                         id    method

                                                          1      B
                                                          2      C
                                                          3      B
                                                          4      A
                                                          5      A
                                                          6      D
                                                          7      D
                                                          8      C
                                                          9      B
                                                         10      A
                                                         11      D
                                                         12      B
                                                         13      C
                                                         14      C
                                                         15      A
                                                         16      D
                                                         17      D
                                                         18      C
                                                         19      A
                                                         20      B
                                                         21      A
                                                         22      D
                                                         23      C
                                                         24      C
                                                         25      A
                                                         26      C
                                                         27      B
                                                         28      B
                                                         29      A
                                                         30      D
                                                         31      D
                                                         32      B
