
______________________________________________________________________________________________________

                        Within Treatment Group Differences on the First Visit

                                                           Group_       Within_
                       patient  gender  First_visit       Average    Group_Diff
                      ƒƒƒƒƒƒƒƒƒƒƒƒƒƒƒƒƒƒƒƒƒƒƒƒƒƒƒƒƒƒƒƒƒƒƒƒƒƒƒƒƒƒƒƒƒƒƒƒƒƒƒƒƒƒƒƒƒ
                            19  Female    27JUL2006         154.3           3.7
                            14  Male      03AUG2006      149.1111      3.888889
                            18  Male      06AUG2006      149.1111      16.88889
                             9  Female    09AUG2006         154.3           4.7
                             1  Female    11AUG2006      149.1111      8.888889
                            11  Female    16AUG2006         154.3           4.7
                            17  Female    17AUG2006      149.1111      7.888889
                             2  Female    19AUG2006         156.8          10.2
                            24  Male      23AUG2006         154.3          -7.3
                             5  Male      24AUG2006         154.3          -0.3
                             3  Male      04SEP2006         154.3           1.7
                            16  Male      05SEP2006         156.8          -3.8
                            22  Male      14SEP2006         156.8           3.2
                            23  Female    14SEP2006      149.1111      -20.1111
                            13  Male      16SEP2006      149.1111      -3.11111
                            21  Male      16SEP2006         154.3         -22.3
                            15  Male      06OCT2006         154.3          -5.3
                             6  Male      12OCT2006         156.8           3.2
                            25  Female    13OCT2006         156.8         -12.8
                             7  Male      13OCT2006      149.1111      0.888889
                             8  Male      18OCT2006      149.1111      -14.1111
                            20  Male      22OCT2006      149.1111      -1.11111
                            10  Female    24OCT2006         154.3          12.7
                            12  Female    24OCT2006         154.3           7.7

______________________________________________________________________________________________________

                                               AVG_MCV

                                           country   avg_MCV
                                          ƒƒƒƒƒƒƒƒƒƒƒƒƒƒƒƒƒƒ
                                                 1  89.07061
                                                 2     88.74
                                                 3     92.85
                                                 5      93.4
                                                 6  91.43333
                                                 7      87.9
                                                 8  87.96667
                                                10    90.525
                                                11        95
                                                13        91
                                                14      85.8
                                                15        88
                                                17  90.43333
                                                18      90.9
                                                19        83
                                                20      92.6
                                                21     86.85
                                                22      80.9
                                                23      93.3
                                                24        87
                                                25        93
