
______________________________________________________________________________________________________

                                       Contents of Combined qul

                                        The CONTENTS Procedure

             Data Set Name        WORK.QUL                      Observations          215
             Member Type          DATA                          Variables             5
             Engine               V9                            Indexes               0
             Created              10/13/2024 20:03:01           Observation Length    40
             Last Modified        10/13/2024 20:03:01           Deleted Observations  0
             Protection                                         Compressed            NO
             Data Set Type                                      Sorted                NO
             Label
             Data Representation  WINDOWS_64
             Encoding             wlatin1  Western (Windows)


                                  Engine/Host Dependent Information

Data Set Page Size          65536
Number of Data Set Pages    1
First Data Page             1
Max Obs per Page            1632
Obs in First Data Page      215
Number of Data Set Repairs  0
ExtendObsCounter            YES
Filename                    C:\Users\420ja\AppData\Local\Temp\SAS Temporary
                            Files\_TD23032_DESKTOP-JTV4LN3_\qul.sas7bdat
Release Created             9.0401M8
Host Created                X64_WIN+HOME
Owner Name                  DESKTOP-JTV4LN3\420ja
File Size                   128KB
File Size (bytes)           131072


                                      Variables in Creation Order

                               #    Variable    Type    Len    Format

                               1    v_type      Num       8
                               2    v_date      Num       8    MMDDYY8.
                               3    qul_1       Num       8
                               4    qul_2       Num       8
                               5    subj_id     Num       8

______________________________________________________________________________________________________

                                        The entrances data set

                                           Pass    Party
                               Entrance     No      Size    Age    Lot

                                  N         21       5       41     1
                                  S         43       3       27     .
                                  S         44       3       24     .
                                  S         45       3        2     .
                                  N         65       2       67     1
                                  N         66       2        7     1
                                  N         87       4       33     3
