
......................................................................................................

                                         The summary data set

                                         The MEANS Procedure

                            Analysis Variable : MCV mean cell volume (fl)

                           N
         race            Obs            Mean         Std Dev         Minimum         Maximum
         ƒƒƒƒƒƒƒƒƒƒƒƒƒƒƒƒƒƒƒƒƒƒƒƒƒƒƒƒƒƒƒƒƒƒƒƒƒƒƒƒƒƒƒƒƒƒƒƒƒƒƒƒƒƒƒƒƒƒƒƒƒƒƒƒƒƒƒƒƒƒƒƒƒƒƒƒƒƒƒƒƒƒƒ
         AmIndian          2           85.00            7.07           80.00           90.00

         Asian             7           88.90            3.87           80.90           93.00

         Black            29           87.17            4.86           77.00           96.30

         Caucasian       593           89.21            4.49           65.00          106.00

         Multi-racial      3           90.43            3.11           88.30           94.00

         Other             2           92.40            4.81           89.00           95.80
         ƒƒƒƒƒƒƒƒƒƒƒƒƒƒƒƒƒƒƒƒƒƒƒƒƒƒƒƒƒƒƒƒƒƒƒƒƒƒƒƒƒƒƒƒƒƒƒƒƒƒƒƒƒƒƒƒƒƒƒƒƒƒƒƒƒƒƒƒƒƒƒƒƒƒƒƒƒƒƒƒƒƒƒ

......................................................................................................

                                         The summary data set

                                       Minimum     Median    Maximum    Sample
                       race              MCV          MCV      MCV       Size

                       AmIndian         80.000     85.000     90.000        2

                       Asian            80.900     90.200     93.000        7

                       Black            77.000     87.800     96.300       29

                       Caucasian        65.000     89.150    106.000      590

                       Multi-racial     88.300     89.000     94.000        3

                       Other            89.000     92.400     95.800        2
