
______________________________________________________________________________________________________

                                       The merged golf data set

                  ID    Name                 Par    Yards    Slope    Rentals    Fees

                 101    Toftrees              72     7018     134       No        100
                 102    Penn State Blue       72     6525     128       Yes        50
                 103    Centre Hills          71     6392     128       No         50
                 107    Sinking Valley CC     72     6755     132       Yes        50
                 108    Williamsport CC       71     6489     131       No         50
                 110    Bucknell GC           70     6253     132       Yes        50

______________________________________________________________________________________________________

                                        The analysis data set

                 subj     backdate    mar_st    ed_level     quldate    qul_1    qul_2

                110027    10/05/93       1          3       10/05/93      3        5
                210004    05/11/93       1          3       05/11/93      3        4
                220012    09/08/93       3          4       09/08/93      3        1
                230009    10/31/96       1          3       10/31/96      3        3
                310085    09/01/95       1          4       08/28/95      3        5
                410016    10/27/93       1          3       10/27/93      3        4
                420023    11/01/93       1          3       11/01/93      2        2
                510061    11/02/95       1          4       11/02/95      2        1
                520048    08/17/94       1          3       08/17/94      4        3
