
______________________________________________________________________________________________________

                                          Pumpkins Data Set

       Obs          Name          Age    Type     EnterDate     j1     j2     j3      j4     j5

        1     Alicia Grossman      13     C      10/28/2008    7.8    6.5     7.2    8.0    7.9
        2     Matthew Lee           9     D      10/30/2008    6.5    5.9     6.8    6.0    8.1
        3     Elizabeth Garcia     10     C      10/29/2008    8.9    7.9     8.5    9.0     .
        4     Lori Newcombe         6     D      10/30/2008    6.7    5.6     4.9    5.2    6.1
        5     Jose Martinez         7     D      10/31/2008    8.9    9.5    10.0    9.7    9.0
        6     Brian Williams       11     C      10/29/2008    7.8    8.4     8.5    7.9    8.0

______________________________________________________________________________________________________

                                          Pumpkins2 Data Set

       Obs          Name          Age    Type     EnterDate     j1     j2     j3      j4     j5

        1     Alicia Grossman      13     C      10/28/2008    7.8    6.5     7.2    8.0    7.9
        2     Matthew Lee           9     D      10/30/2008    6.5    5.9     6.8    6.0    8.1
        3     Elizabeth Garcia     10     C      10/29/2008    8.9    7.9     8.5    9.0     .
        4                           6     D      10/30/2008    6.7    5.6     4.9    5.2    6.1
        5     Jose Martinez         7     D      10/31/2008    8.9     .     10.0    9.7    9.0
        6     Brian Williams       11     C      10/29/2008    7.8    8.4     8.5    7.9    8.0

______________________________________________________________________________________________________

                                          Pumpkins3 Data Set

       Obs          Name          Age    Type     EnterDate     j1     j2     j3      j4     j5

        1     Alicia Grossman      13     C      10/28/2008    7.8    6.5     7.2    8.0    7.9
        2     Matthew Lee           9     D      10/30/2008    6.5    5.9     6.8    6.0    8.1
        3     Elizabeth Garcia     10     C      10/29/2008    8.9    7.9     8.5    9.0     .
        4     Lori Newcombe         6     D      10/30/2008    6.7    5.6     4.9    5.2    6.1
        5     Jose Martinez         7     D      10/31/2008    8.9    9.5    10.0    9.7    9.0
        6     Brian Williams       11     C      10/29/2008    7.8    8.4     8.5    7.9    8.0
