
......................................................................................................

                                               Subjects

                                           Obs      subj

                                             1    #1-10027
                                             2    #1-10029
                                             3    #1-10039
                                             4    #1-10040
                                             5    #1-10045
                                             6    #1-10049
                                             7    #1-10051
                                             8    #1-10052
                                             9    #1-10053
                                            10    #1-10055

......................................................................................................

                                Frequency tables for the BACK data set

                                          The FREQ Procedure

                                                            Cumulative    Cumulative
                          state    Frequency     Percent     Frequency      Percent
                 ƒƒƒƒƒƒƒƒƒƒƒƒƒƒƒƒƒƒƒƒƒƒƒƒƒƒƒƒƒƒƒƒƒƒƒƒƒƒƒƒƒƒƒƒƒƒƒƒƒƒƒƒƒƒƒƒƒƒƒƒƒƒƒƒƒƒƒ
                              .          42        6.58            42         6.58
                 alabama                  4        0.63            46         7.21
                 arizona                  1        0.16            47         7.37
                 arkansas                 5        0.78            52         8.15
                 california              45        7.05            97        15.20
                 colorado                 5        0.78           102        15.99
                 connecticut              2        0.31           104        16.30
                 delaware                 1        0.16           105        16.46
                 florida                  4        0.63           109        17.08
                 georgia                  7        1.10           116        18.18
                 hawaii                   1        0.16           117        18.34
                 idaho                    1        0.16           118        18.50
                 illinois                65       10.19           183        28.68
                 indiana                 10        1.57           193        30.25
                 iowa                     3        0.47           196        30.72
                 kansas                   2        0.31           198        31.03
                 kentucky                 4        0.63           202        31.66
                 louisiana                3        0.47           205        32.13
                 maine                    2        0.31           207        32.45
                 maryland                 4        0.63           211        33.07
                 massachusetts           10        1.57           221        34.64
                 michigan               139       21.79           360        56.43
                 minnesota                3        0.47           363        56.90
                 mississippi              3        0.47           366        57.37
                 missouri                 5        0.78           371        58.15
                 nebraska                 1        0.16           372        58.31
                 new_jersey              36        5.64           408        63.95
                 new_mexico               2        0.31           410        64.26
                 new_york                25        3.92           435        68.18
                 north_carolina           2        0.31           437        68.50
                 north_dakota             2        0.31           439        68.81
                 ohio                    16        2.51           455        71.32
                 oklahoma                29        4.55           484        75.86
                 oregon                   3        0.47           487        76.33
                 pennsylvania            82       12.85           569        89.18
                 south_carolina           2        0.31           571        89.50
                 south_dakota             4        0.63           575        90.13
                 tennessee                2        0.31           577        90.44
                 texas                   12        1.88           589        92.32
                 vermont                  1        0.16           590        92.48
                 washington               6        0.94           596        93.42
                 west_virginia            5        0.78           601        94.20
                 wisconsin               35        5.49           636        99.69
                 washington_dc            2        0.31           638       100.00

......................................................................................................

                                Frequency tables for the BACK data set

                                          The FREQ Procedure

                                                            Cumulative    Cumulative
                        country    Frequency     Percent     Frequency      Percent
                  ƒƒƒƒƒƒƒƒƒƒƒƒƒƒƒƒƒƒƒƒƒƒƒƒƒƒƒƒƒƒƒƒƒƒƒƒƒƒƒƒƒƒƒƒƒƒƒƒƒƒƒƒƒƒƒƒƒƒƒƒƒƒƒƒƒƒ
                  United States         595       93.26           595        93.26
                  Canada                  5        0.78           600        94.04
                  Mexico                  2        0.31           602        94.36
                  Other                  36        5.64           638       100.00


                                                        Cumulative    Cumulative
                       race    Frequency     Percent     Frequency      Percent
                      ƒƒƒƒƒƒƒƒƒƒƒƒƒƒƒƒƒƒƒƒƒƒƒƒƒƒƒƒƒƒƒƒƒƒƒƒƒƒƒƒƒƒƒƒƒƒƒƒƒƒƒƒƒƒƒƒƒƒ
                      Other          16        2.51            16         2.51
                      Black          29        4.55            45         7.05
                      White         593       92.95           638       100.00


                                                                Cumulative    Cumulative
                             mar_st    Frequency     Percent     Frequency      Percent
              ƒƒƒƒƒƒƒƒƒƒƒƒƒƒƒƒƒƒƒƒƒƒƒƒƒƒƒƒƒƒƒƒƒƒƒƒƒƒƒƒƒƒƒƒƒƒƒƒƒƒƒƒƒƒƒƒƒƒƒƒƒƒƒƒƒƒƒƒƒƒƒƒƒƒ
              Married                       417       65.36           417        65.36
              Living with a partner          33        5.17           450        70.53
              Separated                      14        2.19           464        72.73
              Divorced                       64       10.03           528        82.76
              Widowed                        19        2.98           547        85.74
              Never married                  91       14.26           638       100.00



......................................................................................................

                                Frequency tables for the BACK data set

                                          The FREQ Procedure

                                                       Cumulative    Cumulative
                      r_id    Frequency     Percent     Frequency      Percent
                      ƒƒƒƒƒƒƒƒƒƒƒƒƒƒƒƒƒƒƒƒƒƒƒƒƒƒƒƒƒƒƒƒƒƒƒƒƒƒƒƒƒƒƒƒƒƒƒƒƒƒƒƒƒƒƒƒƒ
                      0081          68       10.66            68        10.66
                      0225          58        9.09           126        19.75
                      0680           4        0.63           130        20.38
                      1808          16        2.51           146        22.88
                      1916          17        2.66           163        25.55
                      2068          87       13.64           250        39.18
                      2482           2        0.31           252        39.50
                      3405          11        1.72           263        41.22
                      3617          10        1.57           273        42.79
                      4069           6        0.94           279        43.73
                      4411           3        0.47           282        44.20
                      5232          25        3.92           307        48.12
                      5396         118       18.50           425        66.61
                      6651          25        3.92           450        70.53
                      6658          81       12.70           531        83.23
                      7019           1        0.16           532        83.39
                      7069           6        0.94           538        84.33
                      7689           5        0.78           543        85.11
                      7925           1        0.16           544        85.27
                      8476          65       10.19           609        95.45
                      8713          24        3.76           633        99.22
                      8886           5        0.78           638       100.00

......................................................................................................

                              Selected Formats from WORK.FORMAT Catalog

             „ƒƒƒƒƒƒƒƒƒƒƒƒƒƒƒƒƒƒƒƒƒƒƒƒƒƒƒƒƒƒƒƒƒƒƒƒƒƒƒƒƒƒƒƒƒƒƒƒƒƒƒƒƒƒƒƒƒƒƒƒƒƒƒƒƒƒƒƒƒƒƒƒƒƒ†
             ‚                    FORMAT NAME: COUNTRYFMT LENGTH: 13                    ‚
             ‚   MIN LENGTH:   1  MAX LENGTH:  40  DEFAULT LENGTH:  13  FUZZ: STD       ‚
             ‡ƒƒƒƒƒƒƒƒƒƒƒƒƒƒƒƒ…ƒƒƒƒƒƒƒƒƒƒƒƒƒƒƒƒ…ƒƒƒƒƒƒƒƒƒƒƒƒƒƒƒƒƒƒƒƒƒƒƒƒƒƒƒƒƒƒƒƒƒƒƒƒƒƒƒƒ‰
             ‚START           ‚END             ‚LABEL  (VER. 9.4     22SEP2024:23:03:07)‚
             ‡ƒƒƒƒƒƒƒƒƒƒƒƒƒƒƒƒˆƒƒƒƒƒƒƒƒƒƒƒƒƒƒƒƒˆƒƒƒƒƒƒƒƒƒƒƒƒƒƒƒƒƒƒƒƒƒƒƒƒƒƒƒƒƒƒƒƒƒƒƒƒƒƒƒƒ‰
             ‚               1‚               1‚United States                           ‚
             ‚               2‚               2‚Canada                                  ‚
             ‚               3‚               3‚Mexico                                  ‚
             ‚**OTHER**       ‚**OTHER**       ‚Other                                   ‚
             Šƒƒƒƒƒƒƒƒƒƒƒƒƒƒƒƒ‹ƒƒƒƒƒƒƒƒƒƒƒƒƒƒƒƒ‹ƒƒƒƒƒƒƒƒƒƒƒƒƒƒƒƒƒƒƒƒƒƒƒƒƒƒƒƒƒƒƒƒƒƒƒƒƒƒƒƒŒ


             „ƒƒƒƒƒƒƒƒƒƒƒƒƒƒƒƒƒƒƒƒƒƒƒƒƒƒƒƒƒƒƒƒƒƒƒƒƒƒƒƒƒƒƒƒƒƒƒƒƒƒƒƒƒƒƒƒƒƒƒƒƒƒƒƒƒƒƒƒƒƒƒƒƒƒ†
             ‚                    FORMAT NAME: MAR_STFMT LENGTH: 21                     ‚
             ‚   MIN LENGTH:   1  MAX LENGTH:  40  DEFAULT LENGTH:  21  FUZZ: STD       ‚
             ‡ƒƒƒƒƒƒƒƒƒƒƒƒƒƒƒƒ…ƒƒƒƒƒƒƒƒƒƒƒƒƒƒƒƒ…ƒƒƒƒƒƒƒƒƒƒƒƒƒƒƒƒƒƒƒƒƒƒƒƒƒƒƒƒƒƒƒƒƒƒƒƒƒƒƒƒ‰
             ‚START           ‚END             ‚LABEL  (VER. 9.4     22SEP2024:23:03:07)‚
             ‡ƒƒƒƒƒƒƒƒƒƒƒƒƒƒƒƒˆƒƒƒƒƒƒƒƒƒƒƒƒƒƒƒƒˆƒƒƒƒƒƒƒƒƒƒƒƒƒƒƒƒƒƒƒƒƒƒƒƒƒƒƒƒƒƒƒƒƒƒƒƒƒƒƒƒ‰
             ‚               1‚               1‚Married                                 ‚
             ‚               2‚               2‚Living with a partner                   ‚
             ‚               3‚               3‚Separated                               ‚
             ‚               4‚               4‚Divorced                                ‚
             ‚               5‚               5‚Widowed                                 ‚
             ‚               6‚               6‚Never married                           ‚
             Šƒƒƒƒƒƒƒƒƒƒƒƒƒƒƒƒ‹ƒƒƒƒƒƒƒƒƒƒƒƒƒƒƒƒ‹ƒƒƒƒƒƒƒƒƒƒƒƒƒƒƒƒƒƒƒƒƒƒƒƒƒƒƒƒƒƒƒƒƒƒƒƒƒƒƒƒŒ


             „ƒƒƒƒƒƒƒƒƒƒƒƒƒƒƒƒƒƒƒƒƒƒƒƒƒƒƒƒƒƒƒƒƒƒƒƒƒƒƒƒƒƒƒƒƒƒƒƒƒƒƒƒƒƒƒƒƒƒƒƒƒƒƒƒƒƒƒƒƒƒƒƒƒƒ†
             ‚       FORMAT NAME: RACEFMT  LENGTH:    5   NUMBER OF VALUES:    3        ‚
             ‚   MIN LENGTH:   1  MAX LENGTH:  40  DEFAULT LENGTH:   5  FUZZ: STD       ‚
             ‡ƒƒƒƒƒƒƒƒƒƒƒƒƒƒƒƒ…ƒƒƒƒƒƒƒƒƒƒƒƒƒƒƒƒ…ƒƒƒƒƒƒƒƒƒƒƒƒƒƒƒƒƒƒƒƒƒƒƒƒƒƒƒƒƒƒƒƒƒƒƒƒƒƒƒƒ‰
             ‚START           ‚END             ‚LABEL  (VER. V7|V8   22SEP2024:23:03:07)‚
             ‡ƒƒƒƒƒƒƒƒƒƒƒƒƒƒƒƒˆƒƒƒƒƒƒƒƒƒƒƒƒƒƒƒƒˆƒƒƒƒƒƒƒƒƒƒƒƒƒƒƒƒƒƒƒƒƒƒƒƒƒƒƒƒƒƒƒƒƒƒƒƒƒƒƒƒ‰
             ‚               3‚               3‚Black                                   ‚
             ‚               4‚               4‚White                                   ‚
             ‚**OTHER**       ‚**OTHER**       ‚Other                                   ‚
             Šƒƒƒƒƒƒƒƒƒƒƒƒƒƒƒƒ‹ƒƒƒƒƒƒƒƒƒƒƒƒƒƒƒƒ‹ƒƒƒƒƒƒƒƒƒƒƒƒƒƒƒƒƒƒƒƒƒƒƒƒƒƒƒƒƒƒƒƒƒƒƒƒƒƒƒƒŒ


             „ƒƒƒƒƒƒƒƒƒƒƒƒƒƒƒƒƒƒƒƒƒƒƒƒƒƒƒƒƒƒƒƒƒƒƒƒƒƒƒƒƒƒƒƒƒƒƒƒƒƒƒƒƒƒƒƒƒƒƒƒƒƒƒƒƒƒƒƒƒƒƒƒƒƒ†
             ‚       FORMAT NAME: R_IDPIX  LENGTH:    4   NUMBER OF VALUES:    1        ‚
             ‚   MIN LENGTH:   1  MAX LENGTH:  40  DEFAULT LENGTH:   4  FUZZ: STD       ‚
             ‡ƒƒƒƒƒƒƒƒƒƒƒƒƒƒƒƒ…ƒƒƒƒƒƒƒƒƒƒƒƒƒƒƒƒ…ƒƒƒƒƒƒƒƒƒƒƒƒƒƒƒƒƒƒƒƒƒƒƒƒƒƒƒƒƒƒƒƒƒƒƒƒƒƒƒƒ‰
             ‚START           ‚END             ‚LABEL  (VER. V7|V8   22SEP2024:23:03:07)‚
             ‡ƒƒƒƒƒƒƒƒƒƒƒƒƒƒƒƒˆƒƒƒƒƒƒƒƒƒƒƒƒƒƒƒƒˆƒƒƒƒƒƒƒƒƒƒƒƒƒƒƒƒƒƒƒƒƒƒƒƒƒƒƒƒƒƒƒƒƒƒƒƒƒƒƒƒ‰
             ‚LOW             ‚HIGH            ‚0000                P   F0 M1           ‚
             Šƒƒƒƒƒƒƒƒƒƒƒƒƒƒƒƒ‹ƒƒƒƒƒƒƒƒƒƒƒƒƒƒƒƒ‹ƒƒƒƒƒƒƒƒƒƒƒƒƒƒƒƒƒƒƒƒƒƒƒƒƒƒƒƒƒƒƒƒƒƒƒƒƒƒƒƒŒ

......................................................................................................

                              Selected Formats from WORK.FORMAT Catalog

             „ƒƒƒƒƒƒƒƒƒƒƒƒƒƒƒƒƒƒƒƒƒƒƒƒƒƒƒƒƒƒƒƒƒƒƒƒƒƒƒƒƒƒƒƒƒƒƒƒƒƒƒƒƒƒƒƒƒƒƒƒƒƒƒƒƒƒƒƒƒƒƒƒƒƒ†
             ‚       FORMAT NAME: STAT2FMT LENGTH:   14   NUMBER OF VALUES:   51        ‚
             ‚   MIN LENGTH:   1  MAX LENGTH:  40  DEFAULT LENGTH:  14  FUZZ: STD       ‚
             ‡ƒƒƒƒƒƒƒƒƒƒƒƒƒƒƒƒ…ƒƒƒƒƒƒƒƒƒƒƒƒƒƒƒƒ…ƒƒƒƒƒƒƒƒƒƒƒƒƒƒƒƒƒƒƒƒƒƒƒƒƒƒƒƒƒƒƒƒƒƒƒƒƒƒƒƒ‰
             ‚START           ‚END             ‚LABEL  (VER. V7|V8   22SEP2024:23:03:07)‚
             ‡ƒƒƒƒƒƒƒƒƒƒƒƒƒƒƒƒˆƒƒƒƒƒƒƒƒƒƒƒƒƒƒƒƒˆƒƒƒƒƒƒƒƒƒƒƒƒƒƒƒƒƒƒƒƒƒƒƒƒƒƒƒƒƒƒƒƒƒƒƒƒƒƒƒƒ‰
             ‚               1‚               1‚alabama                                 ‚
             ‚               2‚               2‚alaska                                  ‚
             ‚               3‚               3‚arizona                                 ‚
             ‚               4‚               4‚arkansas                                ‚
             ‚               5‚               5‚california                              ‚
             ‚               6‚               6‚colorado                                ‚
             ‚               7‚               7‚connecticut                             ‚
             ‚               8‚               8‚delaware                                ‚
             ‚               9‚               9‚florida                                 ‚
             ‚              10‚              10‚georgia                                 ‚
             ‚              11‚              11‚hawaii                                  ‚
             ‚              12‚              12‚idaho                                   ‚
             ‚              13‚              13‚illinois                                ‚
             ‚              14‚              14‚indiana                                 ‚
             ‚              15‚              15‚iowa                                    ‚
             ‚              16‚              16‚kansas                                  ‚
             ‚              17‚              17‚kentucky                                ‚
             ‚              18‚              18‚louisiana                               ‚
             ‚              19‚              19‚maine                                   ‚
             ‚              20‚              20‚maryland                                ‚
             ‚              21‚              21‚massachusetts                           ‚
             ‚              22‚              22‚michigan                                ‚
             ‚              23‚              23‚minnesota                               ‚
             ‚              24‚              24‚mississippi                             ‚
             ‚              25‚              25‚missouri                                ‚
             ‚              26‚              26‚montana                                 ‚
             ‚              27‚              27‚nebraska                                ‚
             ‚              28‚              28‚nevada                                  ‚
             ‚              29‚              29‚new_hampshire                           ‚
             ‚              30‚              30‚new_jersey                              ‚
             ‚              31‚              31‚new_mexico                              ‚
             ‚              32‚              32‚new_york                                ‚
             ‚              33‚              33‚north_carolina                          ‚
             ‚              34‚              34‚north_dakota                            ‚
             ‚              35‚              35‚ohio                                    ‚
             ‚              36‚              36‚oklahoma                                ‚
             ‚              37‚              37‚oregon                                  ‚
             ‚              38‚              38‚pennsylvania                            ‚
             ‚              39‚              39‚rhode_island                            ‚
             ‚              40‚              40‚south_carolina                          ‚
             ‚              41‚              41‚south_dakota                            ‚
             ‚              42‚              42‚tennessee                               ‚
             ‚              43‚              43‚texas                                   ‚
             ‚              44‚              44‚utah                                    ‚
             ‚              45‚              45‚vermont                                 ‚
             ‚              46‚              46‚virginia                                ‚
             ‚              47‚              47‚washington                              ‚
             ‚              48‚              48‚west_virginia                           ‚

......................................................................................................

                              Selected Formats from WORK.FORMAT Catalog

             „ƒƒƒƒƒƒƒƒƒƒƒƒƒƒƒƒˆƒƒƒƒƒƒƒƒƒƒƒƒƒƒƒƒˆƒƒƒƒƒƒƒƒƒƒƒƒƒƒƒƒƒƒƒƒƒƒƒƒƒƒƒƒƒƒƒƒƒƒƒƒƒƒƒƒ†
             ‚       FORMAT NAME: STAT2FMT LENGTH:   14   NUMBER OF VALUES:   51        ‚
             ‚   MIN LENGTH:   1  MAX LENGTH:  40  DEFAULT LENGTH:  14  FUZZ: STD       ‚
             ‡ƒƒƒƒƒƒƒƒƒƒƒƒƒƒƒƒ…ƒƒƒƒƒƒƒƒƒƒƒƒƒƒƒƒ…ƒƒƒƒƒƒƒƒƒƒƒƒƒƒƒƒƒƒƒƒƒƒƒƒƒƒƒƒƒƒƒƒƒƒƒƒƒƒƒƒ‰
             ‚START           ‚END             ‚LABEL                           (CONT'D)‚
             ‡ƒƒƒƒƒƒƒƒƒƒƒƒƒƒƒƒˆƒƒƒƒƒƒƒƒƒƒƒƒƒƒƒƒˆƒƒƒƒƒƒƒƒƒƒƒƒƒƒƒƒƒƒƒƒƒƒƒƒƒƒƒƒƒƒƒƒƒƒƒƒƒƒƒƒ‰
             ‚              49‚              49‚wisconsin                               ‚
             ‚              50‚              50‚wyoming                                 ‚
             ‚              51‚              51‚washington_dc                           ‚
             Šƒƒƒƒƒƒƒƒƒƒƒƒƒƒƒƒ‹ƒƒƒƒƒƒƒƒƒƒƒƒƒƒƒƒ‹ƒƒƒƒƒƒƒƒƒƒƒƒƒƒƒƒƒƒƒƒƒƒƒƒƒƒƒƒƒƒƒƒƒƒƒƒƒƒƒƒŒ


             „ƒƒƒƒƒƒƒƒƒƒƒƒƒƒƒƒƒƒƒƒƒƒƒƒƒƒƒƒƒƒƒƒƒƒƒƒƒƒƒƒƒƒƒƒƒƒƒƒƒƒƒƒƒƒƒƒƒƒƒƒƒƒƒƒƒƒƒƒƒƒƒƒƒƒ†
             ‚       FORMAT NAME: SUBJPIX  LENGTH:    8   NUMBER OF VALUES:    1        ‚
             ‚   MIN LENGTH:   1  MAX LENGTH:  40  DEFAULT LENGTH:   8  FUZZ: STD       ‚
             ‡ƒƒƒƒƒƒƒƒƒƒƒƒƒƒƒƒ…ƒƒƒƒƒƒƒƒƒƒƒƒƒƒƒƒ…ƒƒƒƒƒƒƒƒƒƒƒƒƒƒƒƒƒƒƒƒƒƒƒƒƒƒƒƒƒƒƒƒƒƒƒƒƒƒƒƒ‰
             ‚START           ‚END             ‚LABEL  (VER. V7|V8   22SEP2024:23:03:07)‚
             ‡ƒƒƒƒƒƒƒƒƒƒƒƒƒƒƒƒˆƒƒƒƒƒƒƒƒƒƒƒƒƒƒƒƒˆƒƒƒƒƒƒƒƒƒƒƒƒƒƒƒƒƒƒƒƒƒƒƒƒƒƒƒƒƒƒƒƒƒƒƒƒƒƒƒƒ‰
             ‚LOW             ‚HIGH            ‚00-00000            P#  F  M1           ‚
             Šƒƒƒƒƒƒƒƒƒƒƒƒƒƒƒƒ‹ƒƒƒƒƒƒƒƒƒƒƒƒƒƒƒƒ‹ƒƒƒƒƒƒƒƒƒƒƒƒƒƒƒƒƒƒƒƒƒƒƒƒƒƒƒƒƒƒƒƒƒƒƒƒƒƒƒƒŒ
