
______________________________________________________________________________________________________

                                            Grades Dataset

                                       Obs     i    id    grade

                                         1     1     1      76
                                         2     2     2      33
                                         3     3     3      18
                                         4     4     4      91
                                         5     5     5      36
                                         6     6     6      23
                                         7     7     7      79
                                         8     8     8      40
                                         9     9     9      13
                                        10    10    10      19
                                        11    11    11      78
                                        12    12    12      44
                                        13    13    13      97
                                        14    14    14      27
                                        15    15    15      72
                                        16    16    16      56
                                        17    17    17      54
                                        18    18    18      87
                                        19    19    19      15
                                        20    20    20      87
                                        21    21    21      66
                                        22    22    22      77
                                        23    23    23      71
                                        24    24    24      33
                                        25    25    25      53
                                        26    26    26      94
                                        27    27    27       5
                                        28    28    28      62
                                        29    29    29      66
                                        30    30    30      38
                                        31    31    31      59
                                        32    32    32      32
                                        33    33    33      54
                                        34    34    34      29
                                        35    35    35      53
                                        36    36    36      56
                                        37    37    37      10
                                        38    38    38      11
                                        39    39    39      59
                                        40    40    40      68
                                        41    41    41      49
                                        42    42    42      15
                                        43    43    43      76
                                        44    44    44      97
                                        45    45    45      76
                                        46    46    46      97
                                        47    47    47      10
                                        48    48    48      68
                                        49    49    49      90
                                        50    50    50      29
                                        51    51    51      67
                                        52    52    52      80

______________________________________________________________________________________________________

                                            Grades Dataset

                                      Obs     i      id    grade

                                       53     53     53      80
                                       54     54     54      32
                                       55     55     55      78
                                       56     56     56      55
                                       57     57     57      71
                                       58     58     58      84
                                       59     59     59      10
                                       60     60     60       8
                                       61     61     61      26
                                       62     62     62      24
                                       63     63     63      80
                                       64     64     64      69
                                       65     65     65      26
                                       66     66     66      86
                                       67     67     67      48
                                       68     68     68      69
                                       69     69     69      71
                                       70     70     70      55
                                       71     71     71       8
                                       72     72     72      63
                                       73     73     73      75
                                       74     74     74      83
                                       75     75     75      10
                                       76     76     76      51
                                       77     77     77      36
                                       78     78     78      20
                                       79     79     79      11
                                       80     80     80      23
                                       81     81     81     100
                                       82     82     82       1
                                       83     83     83      24
                                       84     84     84       3
                                       85     85     85      85
                                       86     86     86      68
                                       87     87     87       2
                                       88     88     88      35
                                       89     89     89      85
                                       90     90     90      12
                                       91     91     91      76
                                       92     92     92      97
                                       93     93     93      96
                                       94     94     94      23
                                       95     95     95      29
                                       96     96     96      35
                                       97     97     97      83
                                       98     98     98      68
                                       99     99     99      31
                                      100    100    100      62

______________________________________________________________________________________________________

                                 Grade Distribution When Cutoff = 70

                                          The FREQ Procedure

                                   Status    Frequency     Percent
                                   ƒƒƒƒƒƒƒƒƒƒƒƒƒƒƒƒƒƒƒƒƒƒƒƒƒƒƒƒƒƒƒ
                                   Failed          67       67.00
                                   Passed          33       33.00

______________________________________________________________________________________________________

                                 Grade Distribution When Cutoff = 60

                                          The FREQ Procedure

                                   Status    Frequency     Percent
                                   ƒƒƒƒƒƒƒƒƒƒƒƒƒƒƒƒƒƒƒƒƒƒƒƒƒƒƒƒƒƒƒ
                                   Failed          55       55.00
                                   Passed          45       45.00

______________________________________________________________________________________________________

                                 Grade Distribution When Cutoff = 70

                                          The FREQ Procedure

                                   Status    Frequency     Percent
                                   ƒƒƒƒƒƒƒƒƒƒƒƒƒƒƒƒƒƒƒƒƒƒƒƒƒƒƒƒƒƒƒ
                                   Failed          67       67.00
                                   Passed          33       33.00

______________________________________________________________________________________________________

                                 Grade Distribution When Cutoff = 80

                                          The FREQ Procedure

                                   Status    Frequency     Percent
                                   ƒƒƒƒƒƒƒƒƒƒƒƒƒƒƒƒƒƒƒƒƒƒƒƒƒƒƒƒƒƒƒ
                                   Failed          83       83.00
                                   Passed          17       17.00
