
______________________________________________________________________________________________________

                                      Patients' Next Appointment

                         patient               lastappt    age      nextappt

                         Jane Smith          06/15/2022     37    06/15/2024
                         Laura Smellner      06/17/2022     75    06/17/2023
                         Jenna Jones         07/01/2022     58    07/01/2023
                         Beth Bonders        07/14/2022     83    07/14/2023
                         Grace Johson        07/29/2022     64    07/29/2023
                         Mary Contrary       06/30/2022     41    06/30/2024
                         Jennifer Palermo    09/03/2022     69    09/03/2023
                         Ann Lewis           08/15/2022     47    08/15/2023
                         Linda Bentner       09/04/2022     84    09/04/2023
                         Francine Scalia     09/04/2022     59    09/04/2023
                         Leah Thill          08/01/2022     73    08/01/2023
                         Caroline Harris     08/11/2022     54    08/11/2023
                         Olivia Knupf        07/31/2022     50    07/31/2023
                         Maya Angelson       07/17/2022     61    07/17/2023

______________________________________________________________________________________________________

                                    Patients with a Birthday Today

                          patient         lastappt         bdate         today

                       Maya Angelson    07/17/2022    11/03/1961    11/03/2024

______________________________________________________________________________________________________

                              Patients' Last Appointment Day of the Week

                             patient               lastappt    day

                             Jane Smith          06/15/2022    Wednesday
                             Laura Smellner      06/17/2022    Friday
                             Jenna Jones         07/01/2022    Friday
                             Beth Bonders        07/14/2022    Thursday
                             Grace Johson        07/29/2022    Friday
                             Mary Contrary       06/30/2022    Thursday
                             Jennifer Palermo    09/03/2022    Saturday
                             Ann Lewis           08/15/2022    Monday
                             Linda Bentner       09/04/2022    Sunday
                             Francine Scalia     09/04/2022    Sunday
                             Leah Thill          08/01/2022    Monday
                             Caroline Harris     08/11/2022    Thursday
                             Olivia Knupf        07/31/2022    Sunday
                             Maya Angelson       07/17/2022    Sunday
