
______________________________________________________________________________________________________

                                             ICDB 10% SAS

                             Obs    sex     subj       v_date      b_date

                               1     1     210028    10/27/93    06/21/56
                               2     1     410020    11/11/93    02/13/51
                               3     1     410042    07/11/94    01/23/48
                               4     1     420041    04/19/94    05/01/20
                               5     1     420047    06/21/94    10/13/21
                               6     1     510047    09/13/94    01/05/26
                               7     2     110062    03/31/94    04/21/36
                               8     2     110070    05/24/94    12/12/41
                               9     2     110081    07/15/94    08/29/57
                              10     2     110088    02/28/95    10/03/27
                              11     2     110096    05/23/95    07/12/66
                              12     2     110103    09/12/95    10/06/55
                              13     2     110117    12/11/95    08/14/41
                              14     2     110120    01/09/96    02/13/26
                              15     2     110122    01/22/96    11/28/65
                              16     2     110124    02/05/96    10/11/68
                              17     2     110138    05/20/96    01/08/64
                              18     2     210046    04/20/94    08/20/62
                              19     2     210061    01/20/95    12/23/69
                              20     2     210066    05/15/95    05/29/28
                              21     2     210075    06/21/95    04/29/45
                              22     2     210076    07/06/95    12/09/50
                              23     2     210092    02/02/96    12/16/47
                              24     2     210095    03/06/96    01/11/65
                              25     2     210118    10/22/96    02/10/71
                              26     2     210123    11/11/96    03/27/52
                              27     2     220021    09/21/93    03/29/28
                              28     2     220024    11/29/93    05/06/41
                              29     2     220041    02/13/96    08/12/71
                              30     2     310032    08/03/93    04/02/34
                              31     2     310082    01/17/95    09/15/45
                              32     2     310089    09/14/95    04/07/53
                              33     2     310100    02/23/96    06/03/27
                              34     2     310123    07/23/96    06/13/45
                              35     2     310126    09/18/96    02/15/68
                              36     2     410007    09/15/93    08/20/55
                              37     2     410016    10/27/93    11/26/51
                              38     2     410022    11/09/93    07/23/59
                              39     2     410039    06/01/94    05/19/56
                              40     2     410049    09/20/94    05/08/52
                              41     2     410090    12/04/95    08/26/43
                              42     2     410095    04/08/96    10/20/70
                              43     2     420003    05/12/93    06/05/56
                              44     2     420004    05/17/93    01/27/51
                              45     2     420028    12/13/93    10/01/32
                              46     2     420082    12/11/95    12/07/30
                              47     2     420106    11/08/96    05/04/60
                              48     2     420109    12/02/96    11/05/24
                              49     2     510005    05/07/93    09/26/56
                              50     2     510008    07/13/93    10/08/56
                              51     2     510013    12/21/93    08/10/54
                              52     2     510024    12/17/93    07/10/42

______________________________________________________________________________________________________

                                             ICDB 10% SAS

                             Obs    sex     subj       v_date      b_date

                              53     2     510035    03/10/94    06/23/57
                              54     2     510040    04/05/94    12/27/65
                              55     2     510053    01/10/95    06/25/58
                              56     2     510078    12/12/96    08/03/75
                              57     2     520008    08/10/93    09/20/51
                              58     2     520015    10/21/93    09/13/54
                              59     2     520025    02/18/94    08/10/61
                              60     2     520026    02/21/94    02/16/58
                              61     2     520044    07/06/94    01/05/70
                              62     2     520061    02/20/96    03/24/67
                              63     2     520069    05/08/95    09/25/66
                              64     2     520072    10/19/95    09/30/40
                              65     2     520080    04/10/96    02/28/28

______________________________________________________________________________________________________

                        Random Assignment of Students to SAS Teaching Methods

                                             id    method

                                              1      C
                                              2      D
                                              3      C
                                              4      D
                                              5      D
                                              6      B
                                              7      C
                                              8      B
                                              9      B
                                             10      D
                                             11      C
                                             12      D
                                             13      B
                                             14      D
                                             15      A
                                             16      B
                                             17      A
                                             18      C
                                             19      A
                                             20      D
                                             21      D
                                             22      D
                                             23      A
                                             24      C
                                             25      C
                                             26      C
                                             27      C
                                             28      B
                                             29      D
                                             30      A
                                             31      A
                                             32      C
