                                        Output dataset: Grades     13:11 Saturday, August 31, 2024  10

                            Obs    id    gender    exam1    exam2    grade

                             1     10       .        80       84       .
                             2      7       .        85       89       .
                             3      4       .        90       86       .
                             4     20       .        82       85       .
                             5     25       .        94       94       .
                             6     14       .        88       84       .
                                        Output dataset: Grades     13:11 Saturday, August 31, 2024  11

                            Obs    id    gender    exam1    exam2    grade

                             1     10       .        80       84       .
                             2      7       .        85       89       .
                             3      4       .        90       86       .
                             4     20       .        82       85       .
                             5     25       .        94       94       .
                             6     14       .        88       84       .
                                        Output dataset: Grades     13:11 Saturday, August 31, 2024  12

                            Obs    id    gender    exa1    exam2    grade

                             1     10       .       80       84       .
                             2      7       .       85       89       .
                             3      4       .       90       86       .
                             4     20       .       82       85       .
                             5     25       .       94       94       .
                             6     14       .       88       84       .
                                        Output dataset: Grades     13:11 Saturday, August 31, 2024  13

                            Obs    id    gender    exa1    exam2    grade

                             1     10       .       80       84       .
                             2      7       .       85       89       .
                             3      4       .       90       86       .
                             4     20       .       82       85       .
                             5     25       .       94       94       .
                             6     14       .       88       84       .
                                        Output dataset: Grades     13:11 Saturday, August 31, 2024  14

                            Obs    id    gender    exam1    exam2    grade

                             1     10      M         80       84       A
                             2      7      M         85       89       A
                             3      4      F         90       86       B
                             4     20      M         82       85       B
                             5     25      F         94       94       A
                             6     14      F         88       84       C
                                        Output dataset: Grades     13:11 Saturday, August 31, 2024  15

                            Obs    id    gender    exam1    exam2    grade

                             1     10      M         80       84       A
                             2      7      M         85       89       A
                             3      4      F         90       86       B
                             4     20      M         82       85       B
                             5     25      F         94       94       A
                             6     14      F         88       84       C
